Menu does not exist
Menu added
#1 Ayam Goreng
Price : Rp250000
Stock : 20x
Menu does not exist
Menu added
Ordered 1000x Nasi Geprek for Rp200000000
Menu added
Menu removed
Menu removed
Menu added
Menu does not exist
Apologize, the stock is not enough
Menu does not exist
Menu does not exist
Menu does not exist
Menu does not exist
Earnings: Rp200000000
Informatics canteen is closing... thanks for the visit!