Menu added
Menu added
Menu added
#2 Nasi Geprek
Price : Rp20000
Stock : 10x
Menu does not exist
Menu is already exists
Ordered 6x Ayam Goreng for Rp150000
Apologize, the stock is not enough
Menu removed
Menu does not exist
Menu does not exist
Menu does not exist
Earnings: Rp150000
Informatics canteen is closing... thanks for the visit!